CONFIG_MANAGER_ALLOW:
CONFIG_MANAGER_DENY:
CONFIG_WORKER_ALLOW:
CONFIG_WORKER_DENY:
CONFIG_CREATE_PRS: false
CONFIG_MAX_AGENTS: 10
CONFIG_MODEL:
CONFIG_FPS: 10
CONFIG_ALLOW_AGENT_QUESTIONS: true
CONFIG_EXTERNAL_DIFF_TOOL:
CONFIG_AUTO_COMPACT_THRESHOLD:
CONFIG_NO_FF: false
CONFIG_MERGE_STRATEGY: merge
CONFIG_HOOKS_INJECT_STATUS: true
CONFIG_HOOKS_STATUS_VISIBLE: true