CONFIG_MANAGER_ALLOW: ["Read","Write"]
CONFIG_MANAGER_DENY: ["Bash"]
CONFIG_WORKER_ALLOW: ["Read"]
CONFIG_WORKER_DENY: ["Write","Edit"]
CONFIG_CREATE_PRS: true
CONFIG_MAX_AGENTS: 20
CONFIG_MODEL: opus
CONFIG_FPS: 15
CONFIG_ALLOW_AGENT_QUESTIONS: false
CONFIG_EXTERNAL_DIFF_TOOL: code --diff
CONFIG_AUTO_COMPACT_THRESHOLD: 80
CONFIG_HOOKS_INJECT_STATUS: false
CONFIG_HOOKS_STATUS_VISIBLE: false
